Evolving Pattern Button Click Log - Generated at 2025-06-01 21:06:00.000
Format: timestamp,button_id,button_text,pattern_phase

1717272360100,2,Create Dynamic Components,random
1717272360650,1,Send Custom UI Component,random
1717272361200,3,Static Component,random
1717272361750,2,Create Dynamic Components,random
1717272362300,1,Send Custom UI Component,random
1717272362850,3,Static Component,random
1717272363400,1,Send Custom UI Component,random
1717272363950,2,Create Dynamic Components,random
1717272364500,3,Static Component,random
1717272365050,1,Send Custom UI Component,random
1717272365600,3,Static Component,random
1717272366150,2,Create Dynamic Components,random
1717272366700,1,Send Custom UI Component,random
1717272367250,2,Create Dynamic Components,random
1717272367800,3,Static Component,random
1717272368350,1,Send Custom UI Component,random
1717272368900,2,Create Dynamic Components,random
1717272369450,3,Static Component,random
1717272370000,2,Create Dynamic Components,random
1717272370550,1,Send Custom UI Component,random
1717272371100,3,Static Component,random
1717272371650,1,Send Custom UI Component,random
1717272372200,2,Create Dynamic Components,random
1717272372750,3,Static Component,random
1717272373300,2,Create Dynamic Components,random
1717272373850,1,Send Custom UI Component,random
1717272374400,3,Static Component,random
1717272374950,1,Send Custom UI Component,random
1717272375500,2,Create Dynamic Components,random
1717272376050,3,Static Component,random
1717272376600,1,Send Custom UI Component,early_pattern
1717272377150,2,Create Dynamic Components,early_pattern
1717272377700,1,Send Custom UI Component,early_pattern
1717272378250,2,Create Dynamic Components,early_pattern
1717272378800,3,Static Component,random
1717272379350,1,Send Custom UI Component,early_pattern
1717272379900,2,Create Dynamic Components,early_pattern
1717272380450,2,Create Dynamic Components,early_pattern
1717272381000,3,Static Component,early_pattern
1717272381550,2,Create Dynamic Components,early_pattern
1717272382100,3,Static Component,early_pattern
1717272382650,1,Send Custom UI Component,random
1717272383200,2,Create Dynamic Components,early_pattern
1717272383750,3,Static Component,early_pattern
1717272384300,3,Static Component,early_pattern
1717272384850,1,Send Custom UI Component,early_pattern
1717272385400,2,Create Dynamic Components,early_pattern
1717272385950,3,Static Component,early_pattern
1717272386500,1,Send Custom UI Component,early_pattern
1717272387050,1,Send Custom UI Component,random
1717272387600,2,Create Dynamic Components,early_pattern
1717272388150,3,Static Component,early_pattern
1717272388700,2,Create Dynamic Components,early_pattern
1717272389250,3,Static Component,early_pattern
1717272389800,1,Send Custom UI Component,early_pattern
1717272390350,2,Create Dynamic Components,early_pattern
1717272390900,3,Static Component,early_pattern
1717272391450,1,Send Custom UI Component,early_pattern
1717272392000,2,Create Dynamic Components,early_pattern
1717272392550,3,Static Component,early_pattern
1717272393100,1,Send Custom UI Component,early_pattern
1717272393650,2,Create Dynamic Components,early_pattern
1717272394200,3,Static Component,early_pattern
1717272394750,1,Send Custom UI Component,early_pattern
1717272395300,2,Create Dynamic Components,early_pattern
1717272395850,3,Static Component,early_pattern
1717272396400,1,Send Custom UI Component,early_pattern
1717272396950,2,Create Dynamic Components,early_pattern
1717272397500,3,Static Component,early_pattern
1717272398050,1,Send Custom UI Component,early_pattern
1717272398600,2,Create Dynamic Components,early_pattern
1717272399150,3,Static Component,early_pattern
1717272399700,1,Send Custom UI Component,strong_pattern
1717272400250,2,Create Dynamic Components,strong_pattern
1717272400800,3,Static Component,strong_pattern
1717272401350,1,Send Custom UI Component,strong_pattern
1717272401900,2,Create Dynamic Components,strong_pattern
1717272402450,1,Send Custom UI Component,strong_pattern
1717272403000,2,Create Dynamic Components,strong_pattern
1717272403550,3,Static Component,strong_pattern
1717272404100,1,Send Custom UI Component,strong_pattern
1717272404650,2,Create Dynamic Components,strong_pattern
1717272405200,1,Send Custom UI Component,strong_pattern
1717272405750,2,Create Dynamic Components,strong_pattern
1717272406300,3,Static Component,strong_pattern
1717272406850,1,Send Custom UI Component,strong_pattern
1717272407400,2,Create Dynamic Components,strong_pattern
1717272407950,3,Static Component,strong_pattern
1717272408500,1,Send Custom UI Component,strong_pattern
1717272409050,2,Create Dynamic Components,strong_pattern
1717272409600,1,Send Custom UI Component,strong_pattern
1717272410150,2,Create Dynamic Components,strong_pattern
1717272410700,3,Static Component,strong_pattern
1717272411250,1,Send Custom UI Component,strong_pattern
1717272411800,2,Create Dynamic Components,strong_pattern
1717272412350,3,Static Component,strong_pattern
1717272412900,1,Send Custom UI Component,strong_pattern
1717272413450,2,Create Dynamic Components,strong_pattern
1717272414000,1,Send Custom UI Component,strong_pattern
1717272414550,2,Create Dynamic Components,strong_pattern
1717272415100,3,Static Component,strong_pattern
1717272415650,1,Send Custom UI Component,strong_pattern
1717272416200,2,Create Dynamic Components,strong_pattern
1717272416750,3,Static Component,strong_pattern
1717272417300,1,Send Custom UI Component,strong_pattern
1717272417850,2,Create Dynamic Components,strong_pattern
1717272418400,1,Send Custom UI Component,strong_pattern
1717272418950,2,Create Dynamic Components,strong_pattern
1717272419500,3,Static Component,strong_pattern 