Button Click Sequence Log - Generated at 2025-06-01 21:05:00.000
Format: timestamp,button_id,button_text

1717272300100,1,Send Custom UI Component
1717272300650,2,Create Dynamic Components
1717272301200,3,Static Component
1717272301750,1,Send Custom UI Component
1717272302300,2,Create Dynamic Components
1717272302850,3,Static Component
1717272303400,2,Create Dynamic Components
1717272303950,2,Create Dynamic Components
1717272304500,1,Send Custom UI Component
1717272305050,3,Static Component
1717272305600,3,Static Component
1717272306150,3,Static Component
1717272306700,1,Send Custom UI Component
1717272307250,2,Create Dynamic Components
1717272307800,3,Static Component
1717272308350,1,Send Custom UI Component
1717272308900,3,Static Component
1717272309450,2,Create Dynamic Components
1717272310000,1,Send Custom UI Component
1717272310550,1,Send Custom UI Component
1717272311100,1,Send Custom UI Component
1717272311650,2,Create Dynamic Components
1717272312200,3,Static Component
1717272312750,1,Send Custom UI Component
1717272313300,2,Create Dynamic Components
1717272313850,3,Static Component
1717272314400,2,Create Dynamic Components
1717272314950,1,Send Custom UI Component
1717272315500,3,Static Component
1717272316050,3,Static Component
1717272316600,2,Create Dynamic Components
1717272317150,2,Create Dynamic Components
1717272317700,1,Send Custom UI Component
1717272318250,2,Create Dynamic Components
1717272318800,3,Static Component
1717272319350,1,Send Custom UI Component
1717272319900,2,Create Dynamic Components
1717272320450,1,Send Custom UI Component
1717272321000,3,Static Component
1717272321550,2,Create Dynamic Components
1717272322100,1,Send Custom UI Component
1717272322650,2,Create Dynamic Components
1717272323200,3,Static Component
1717272323750,1,Send Custom UI Component
1717272324300,2,Create Dynamic Components
1717272324850,3,Static Component
1717272325400,2,Create Dynamic Components
1717272325950,1,Send Custom UI Component
1717272326500,3,Static Component
1717272327050,1,Send Custom UI Component
1717272327600,2,Create Dynamic Components
1717272328150,3,Static Component
1717272328700,3,Static Component
1717272329250,1,Send Custom UI Component
1717272329800,1,Send Custom UI Component
1717272330350,2,Create Dynamic Components
1717272330900,3,Static Component
1717272331450,1,Send Custom UI Component
1717272332000,2,Create Dynamic Components
1717272332550,2,Create Dynamic Components
1717272333100,3,Static Component
1717272333650,1,Send Custom UI Component
1717272334200,3,Static Component
1717272334750,2,Create Dynamic Components
1717272335300,1,Send Custom UI Component
1717272335850,2,Create Dynamic Components
1717272336400,3,Static Component
1717272336950,1,Send Custom UI Component
1717272337500,2,Create Dynamic Components
1717272338050,3,Static Component
1717272338600,3,Static Component
1717272339150,2,Create Dynamic Components
1717272339700,1,Send Custom UI Component
1717272340250,2,Create Dynamic Components
1717272340800,3,Static Component
1717272341350,1,Send Custom UI Component
1717272341900,2,Create Dynamic Components
1717272342450,3,Static Component
1717272343000,2,Create Dynamic Components
1717272343550,1,Send Custom UI Component
1717272344100,3,Static Component
1717272344650,1,Send Custom UI Component
1717272345200,1,Send Custom UI Component
1717272345750,2,Create Dynamic Components
1717272346300,3,Static Component
1717272346850,1,Send Custom UI Component
1717272347400,2,Create Dynamic Components
1717272347950,3,Static Component
1717272348500,1,Send Custom UI Component
1717272349050,3,Static Component
1717272349600,2,Create Dynamic Components
1717272350150,1,Send Custom UI Component
1717272350700,2,Create Dynamic Components
1717272351250,3,Static Component
1717272351800,2,Create Dynamic Components
1717272352350,2,Create Dynamic Components
1717272352900,1,Send Custom UI Component
1717272353450,3,Static Component
1717272354000,1,Send Custom UI Component
1717272354550,2,Create Dynamic Components
1717272355100,3,Static Component
1717272355650,3,Static Component
1717272356200,1,Send Custom UI Component 